               
               
┌─────────────┐
│ Scan Status │
└─────────────┘
  Scanning 33 files with 1074 Code rules:
                                                                                                                        
  Language      Rules   Files          Origin      Rules                                                                
 ─────────────────────────────        ───────────────────                                                               
  <multilang>      60      33          Community    1074                                                                
  json              4      13                                                                                           
  js              153       8                                                                                           
  html              1       1                                                                                           
                                                                                                                        
                
                
┌──────────────┐
│ Scan Summary │
└──────────────┘
✅ Scan completed successfully.
 • Findings: 0 (0 blocking)
 • Rules run: 217
 • Targets scanned: 33
 • Parsed lines: ~100.0%
 • No ignore information available
Ran 217 rules on 33 files: 0 findings.
(need more rules? `semgrep login` for additional free Semgrep Registry rules)

If Semgrep missed a finding, please send us feedback to let us know!
See https://semgrep.dev/docs/reporting-false-negatives/
